138.201.140.204 - - [13/Jun/2022:15:33:39 +0200] "GET /timeline?from=2016-01-04T16:07:45+01:00&precision=second HTTP/1.1" 403 5963 "-" "Mozilla/5.0 (compatible; DataForSeoBot/1.0; +https://dataforseo.com/dataforseo-bot)"
138.201.140.204 - - [13/Jun/2022:15:34:02 +0200] "GET /wiki/WikiStart?version=9 HTTP/1.1" 200 4053 "-" "Mozilla/5.0 (compatible; DataForSeoBot/1.0; +https://dataforseo.com/dataforseo-bot)"
113.11.70.28 - - [13/Jun/2022:15:34:14 +0200] "GET /wiki/informationevents HTTP/1.1" 404 10343 "https://habit-project.eu/" "Mozilla/5.0 (Macintosh; Intel Mac OS X 10_13_4) AppleWebKit/537.36 (KHTML, like Gecko) Chrome/66.0.3359.139 Safari/537.36"
113.11.70.28 - - [13/Jun/2022:15:34:15 +0200] "GET / HTTP/1.1" 200 10204 "https://habit-project.eu" "Mozilla/5.0 (Macintosh; Intel Mac OS X 10_13_4) AppleWebKit/537.36 (KHTML, like Gecko) Chrome/66.0.3359.139 Safari/537.36"
113.11.70.28 - - [13/Jun/2022:15:34:18 +0200] "GET /register HTTP/1.1" 404 10088 "https://habit-project.eu" "Mozilla/5.0 (Macintosh; Intel Mac OS X 10_13_4) AppleWebKit/537.36 (KHTML, like Gecko) Chrome/66.0.3359.139 Safari/537.36"
138.201.140.204 - - [13/Jun/2022:15:34:45 +0200] "GET /wiki/WikiStart?version=15 HTTP/1.1" 200 4259 "-" "Mozilla/5.0 (compatible; DataForSeoBot/1.0; +https://dataforseo.com/dataforseo-bot)"
138.201.140.204 - - [13/Jun/2022:15:36:04 +0200] "GET /timeline?from=2016-01-04T10:56:31+01:00&precision=second HTTP/1.1" 403 5963 "-" "Mozilla/5.0 (compatible; DataForSeoBot/1.0; +https://dataforseo.com/dataforseo-bot)"
138.201.140.204 - - [13/Jun/2022:15:36:06 +0200] "GET /timeline?from=2014-11-19T14:43:27+01:00&precision=second HTTP/1.1" 403 10896 "-" "Mozilla/5.0 (compatible; DataForSeoBot/1.0; +https://dataforseo.com/dataforseo-bot)"
138.201.140.204 - - [13/Jun/2022:15:37:05 +0200] "GET /wiki/WikiStart?version=8 HTTP/1.1" 200 4006 "-" "Mozilla/5.0 (compatible; DataForSeoBot/1.0; +https://dataforseo.com/dataforseo-bot)"
138.201.140.204 - - [13/Jun/2022:15:37:29 +0200] "GET /attachment/wiki/HabitSystemV2/English_v1.edm HTTP/1.1" 200 7501 "-" "Mozilla/5.0 (compatible; DataForSeoBot/1.0; +https://dataforseo.com/dataforseo-bot)"
138.201.140.204 - - [13/Jun/2022:15:37:51 +0200] "GET /wiki/WikiStart?version=6 HTTP/1.1" 200 8826 "-" "Mozilla/5.0 (compatible; DataForSeoBot/1.0; +https://dataforseo.com/dataforseo-bot)"
138.201.140.204 - - [13/Jun/2022:15:38:12 +0200] "GET /wiki/WikiStart?version=23 HTTP/1.1" 200 10237 "-" "Mozilla/5.0 (compatible; DataForSeoBot/1.0; +https://dataforseo.com/dataforseo-bot)"
138.201.140.204 - - [13/Jun/2022:15:38:35 +0200] "GET /wiki/WikiStart?version=11 HTTP/1.1" 200 9036 "-" "Mozilla/5.0 (compatible; DataForSeoBot/1.0; +https://dataforseo.com/dataforseo-bot)"
138.201.140.204 - - [13/Jun/2022:15:38:59 +0200] "GET /timeline?from=2015-10-26T16:49:50+01:00&precision=second HTTP/1.1" 403 10896 "-" "Mozilla/5.0 (compatible; DataForSeoBot/1.0; +https://dataforseo.com/dataforseo-bot)"
138.201.140.204 - - [13/Jun/2022:15:39:20 +0200] "GET /attachment/wiki/HabitSystemV1/Universal_UTF8_v1.edm HTTP/1.1" 200 7543 "-" "Mozilla/5.0 (compatible; DataForSeoBot/1.0; +https://dataforseo.com/dataforseo-bot)"
138.201.140.204 - - [13/Jun/2022:15:39:43 +0200] "GET /timeline?from=2014-11-19T18:06:37+01:00&precision=second HTTP/1.1" 403 5963 "-" "Mozilla/5.0 (compatible; DataForSeoBot/1.0; +https://dataforseo.com/dataforseo-bot)"
138.201.140.204 - - [13/Jun/2022:15:40:03 +0200] "GET /wiki/WikiStart?version=32 HTTP/1.1" 200 5719 "-" "Mozilla/5.0 (compatible; DataForSeoBot/1.0; +https://dataforseo.com/dataforseo-bot)"
138.201.140.204 - - [13/Jun/2022:15:40:24 +0200] "GET /attachment/wiki/HabitSystemV1/Arabic_v1.edm HTTP/1.1" 200 7505 "-" "Mozilla/5.0 (compatible; DataForSeoBot/1.0; +https://dataforseo.com/dataforseo-bot)"
138.201.140.204 - - [13/Jun/2022:15:41:07 +0200] "GET /wiki/WikiStart?version=20 HTTP/1.1" 200 4331 "-" "Mozilla/5.0 (compatible; DataForSeoBot/1.0; +https://dataforseo.com/dataforseo-bot)"
138.201.140.204 - - [13/Jun/2022:15:41:29 +0200] "GET /timeline?from=2014-12-18T08:03:47+01:00&precision=second HTTP/1.1" 403 10896 "-" "Mozilla/5.0 (compatible; DataForSeoBot/1.0; +https://dataforseo.com/dataforseo-bot)"
138.201.140.204 - - [13/Jun/2022:15:42:11 +0200] "GET /timeline?from=2015-09-05T17:12:54+02:00&precision=second HTTP/1.1" 403 10896 "-" "Mozilla/5.0 (compatible; DataForSeoBot/1.0; +https://dataforseo.com/dataforseo-bot)"
138.201.140.204 - - [13/Jun/2022:15:42:53 +0200] "GET /wiki/WikiStart?version=39 HTTP/1.1" 200 5782 "-" "Mozilla/5.0 (compatible; DataForSeoBot/1.0; +https://dataforseo.com/dataforseo-bot)"
46.35.247.89 - - [13/Jun/2022:15:43:31 +0200] "GET / HTTP/1.1" 200 10384 "https://habit-project.eu/" "Mozilla/5.0 (Macintosh; Intel Mac OS X 10_13_4) AppleWebKit/537.36 (KHTML, like Gecko) Chrome/66.0.3359.117 Safari/537.36"
185.250.39.186 - - [13/Jun/2022:15:43:32 +0200] "GET /register HTTP/1.1" 404 10232 "https://habit-project.eu/" "Mozilla/5.0 (Macintosh; Intel Mac OS X 10_13_4) AppleWebKit/537.36 (KHTML, like Gecko) Chrome/66.0.3359.117 Safari/537.36"
185.250.39.186 - - [13/Jun/2022:15:43:33 +0200] "GET /register HTTP/1.1" 404 10051 "https://habit-project.eu/" "Mozilla/5.0 (Macintosh; Intel Mac OS X 10_13_4) AppleWebKit/537.36 (KHTML, like Gecko) Chrome/66.0.3359.117 Safari/537.36"
138.201.140.204 - - [13/Jun/2022:15:43:35 +0200] "GET /wiki/WikiStart?version=33 HTTP/1.1" 200 10667 "-" "Mozilla/5.0 (compatible; DataForSeoBot/1.0; +https://dataforseo.com/dataforseo-bot)"
138.201.140.204 - - [13/Jun/2022:15:43:57 +0200] "GET /timeline?from=2016-01-12T12:50:25+01:00&precision=second HTTP/1.1" 403 5963 "-" "Mozilla/5.0 (compatible; DataForSeoBot/1.0; +https://dataforseo.com/dataforseo-bot)"
138.201.140.204 - - [13/Jun/2022:15:44:20 +0200] "GET /wiki/WikiStart?version=30 HTTP/1.1" 200 10653 "-" "Mozilla/5.0 (compatible; DataForSeoBot/1.0; +https://dataforseo.com/dataforseo-bot)"
138.201.140.204 - - [13/Jun/2022:15:44:23 +0200] "GET /timeline?from=2015-03-26T15:50:27+01:00&precision=second HTTP/1.1" 403 10896 "-" "Mozilla/5.0 (compatible; DataForSeoBot/1.0; +https://dataforseo.com/dataforseo-bot)"
101.67.49.57 - - [13/Jun/2022:15:44:25 +0200] "GET /wiki/InformationEvents?action=diff&version=14 HTTP/1.1" 200 3948 "-" "Mozilla/5.0 (Windows NT 6.1; Win64; x64) AppleWebKit/537.36 (KHTML, like Gecko) Chrome/69.0.3497.81 YisouSpider/5.0 Safari/537.36"
112.13.112.184 - - [13/Jun/2022:15:44:26 +0200] "GET /chrome/tracwysiwyg/wysiwyg.css HTTP/1.1" 200 1298 "http://habit-project.eu/wiki/InformationEvents?action=diff&version=14" "Mozilla/5.0 (Windows NT 6.1; Win64; x64) AppleWebKit/537.36 (KHTML, like Gecko) Chrome/69.0.3497.81 YisouSpider/5.0 Safari/537.36"
101.67.49.57 - - [13/Jun/2022:15:44:26 +0200] "GET /chrome/tracjsgantt/tracjsgantt.css HTTP/1.1" 200 673 "http://habit-project.eu/wiki/InformationEvents?action=diff&version=14" "Mozilla/5.0 (Windows NT 6.1; Win64; x64) AppleWebKit/537.36 (KHTML, like Gecko) Chrome/69.0.3497.81 YisouSpider/5.0 Safari/537.36"
101.67.49.57 - - [13/Jun/2022:15:44:26 +0200] "GET /chrome/common/css/trac.css HTTP/1.1" 200 6762 "http://habit-project.eu/wiki/InformationEvents?action=diff&version=14" "Mozilla/5.0 (Windows NT 6.1; Win64; x64) AppleWebKit/537.36 (KHTML, like Gecko) Chrome/69.0.3497.81 YisouSpider/5.0 Safari/537.36"
101.67.49.59 - - [13/Jun/2022:15:44:26 +0200] "GET /chrome/tracjsgantt/jsgantt.css HTTP/1.1" 200 1290 "http://habit-project.eu/wiki/InformationEvents?action=diff&version=14" "Mozilla/5.0 (Windows NT 6.1; Win64; x64) AppleWebKit/537.36 (KHTML, like Gecko) Chrome/69.0.3497.81 YisouSpider/5.0 Safari/537.36"
60.188.10.57 - - [13/Jun/2022:15:44:28 +0200] "GET /chrome/common/css/wiki.css HTTP/1.1" 200 1469 "http://habit-project.eu/wiki/InformationEvents?action=diff&version=14" "Mozilla/5.0 (Windows NT 6.1; Win64; x64) AppleWebKit/537.36 (KHTML, like Gecko) Chrome/69.0.3497.81 YisouSpider/5.0 Safari/537.36"
112.13.112.185 - - [13/Jun/2022:15:44:28 +0200] "GET /chrome/common/css/diff.css HTTP/1.1" 200 1818 "http://habit-project.eu/wiki/InformationEvents?action=diff&version=14" "Mozilla/5.0 (Windows NT 6.1; Win64; x64) AppleWebKit/537.36 (KHTML, like Gecko) Chrome/69.0.3497.81 YisouSpider/5.0 Safari/537.36"
106.11.156.101 - - [13/Jun/2022:15:44:29 +0200] "GET /chrome/common/css/code.css HTTP/1.1" 200 955 "http://habit-project.eu/wiki/InformationEvents?action=diff&version=14" "Mozilla/5.0 (Windows NT 6.1; Win64; x64) AppleWebKit/537.36 (KHTML, like Gecko) Chrome/69.0.3497.81 YisouSpider/5.0 Safari/537.36"
138.201.140.204 - - [13/Jun/2022:15:45:05 +0200] "GET /register HTTP/1.1" 404 10443 "-" "Mozilla/5.0 (compatible; DataForSeoBot/1.0; +https://dataforseo.com/dataforseo-bot)"
138.201.140.204 - - [13/Jun/2022:15:45:26 +0200] "GET /attachment/wiki/HabitSystemV2/Universal_UTF8_v1.edm HTTP/1.1" 200 7541 "-" "Mozilla/5.0 (compatible; DataForSeoBot/1.0; +https://dataforseo.com/dataforseo-bot)"
138.201.140.204 - - [13/Jun/2022:15:45:48 +0200] "GET /wiki/WikiStart?version=26 HTTP/1.1" 200 5315 "-" "Mozilla/5.0 (compatible; DataForSeoBot/1.0; +https://dataforseo.com/dataforseo-bot)"
138.201.140.204 - - [13/Jun/2022:15:46:08 +0200] "GET /timeline?from=2014-12-25T12:21:26+01:00&precision=second HTTP/1.1" 403 10896 "-" "Mozilla/5.0 (compatible; DataForSeoBot/1.0; +https://dataforseo.com/dataforseo-bot)"
138.201.140.204 - - [13/Jun/2022:15:46:10 +0200] "GET /wiki/WikiStart?version=34 HTTP/1.1" 200 10677 "-" "Mozilla/5.0 (compatible; DataForSeoBot/1.0; +https://dataforseo.com/dataforseo-bot)"
138.201.140.204 - - [13/Jun/2022:15:46:13 +0200] "GET /search HTTP/1.1" 403 10894 "-" "Mozilla/5.0 (compatible; DataForSeoBot/1.0; +https://dataforseo.com/dataforseo-bot)"
138.201.140.204 - - [13/Jun/2022:15:46:16 +0200] "GET /wiki/WikiStart?version=37 HTTP/1.1" 200 5724 "-" "Mozilla/5.0 (compatible; DataForSeoBot/1.0; +https://dataforseo.com/dataforseo-bot)"
138.201.140.204 - - [13/Jun/2022:15:46:19 +0200] "GET /raw-attachment/wiki/HabitSystemV1/Arabic_v1.edm HTTP/1.1" 200 897345 "-" "Mozilla/5.0 (compatible; DataForSeoBot/1.0; +https://dataforseo.com/dataforseo-bot)"
138.201.140.204 - - [13/Jun/2022:15:46:41 +0200] "GET /prefs/notification HTTP/1.1" 200 9194 "-" "Mozilla/5.0 (compatible; DataForSeoBot/1.0; +https://dataforseo.com/dataforseo-bot)"
138.201.140.204 - - [13/Jun/2022:15:47:01 +0200] "GET /wiki/WikiStart?version=26 HTTP/1.1" 200 10270 "-" "Mozilla/5.0 (compatible; DataForSeoBot/1.0; +https://dataforseo.com/dataforseo-bot)"
138.201.140.204 - - [13/Jun/2022:15:47:21 +0200] "GET /prefs/localization HTTP/1.1" 200 12935 "-" "Mozilla/5.0 (compatible; DataForSeoBot/1.0; +https://dataforseo.com/dataforseo-bot)"
138.201.140.204 - - [13/Jun/2022:15:47:42 +0200] "GET /timeline HTTP/1.1" 403 10896 "-" "Mozilla/5.0 (compatible; DataForSeoBot/1.0; +https://dataforseo.com/dataforseo-bot)"
138.201.140.204 - - [13/Jun/2022:15:47:44 +0200] "GET /wiki/WikiStart?version=21 HTTP/1.1" 200 4327 "-" "Mozilla/5.0 (compatible; DataForSeoBot/1.0; +https://dataforseo.com/dataforseo-bot)"
138.201.140.204 - - [13/Jun/2022:15:47:48 +0200] "GET /timeline?from=2014-11-19T14:43:27+01:00&precision=second HTTP/1.1" 403 5963 "-" "Mozilla/5.0 (compatible; DataForSeoBot/1.0; +https://dataforseo.com/dataforseo-bot)"
138.201.140.204 - - [13/Jun/2022:15:48:08 +0200] "GET /raw-attachment/wiki/HabitSystemV2/English_v1.edm HTTP/1.1" 200 113582 "-" "Mozilla/5.0 (compatible; DataForSeoBot/1.0; +https://dataforseo.com/dataforseo-bot)"
138.201.140.204 - - [13/Jun/2022:15:48:29 +0200] "GET /wiki/WikiStart?version=34 HTTP/1.1" 200 5722 "-" "Mozilla/5.0 (compatible; DataForSeoBot/1.0; +https://dataforseo.com/dataforseo-bot)"
138.201.140.204 - - [13/Jun/2022:15:48:49 +0200] "GET /timeline?from=2014-12-18T08:03:47+01:00&precision=second HTTP/1.1" 403 5963 "-" "Mozilla/5.0 (compatible; DataForSeoBot/1.0; +https://dataforseo.com/dataforseo-bot)"
138.201.140.204 - - [13/Jun/2022:15:49:09 +0200] "GET /timeline?from=2014-12-25T12:21:26+01:00&precision=second HTTP/1.1" 403 5963 "-" "Mozilla/5.0 (compatible; DataForSeoBot/1.0; +https://dataforseo.com/dataforseo-bot)"
138.201.140.204 - - [13/Jun/2022:15:49:48 +0200] "GET /wiki/WikiStart?version=32 HTTP/1.1" 200 10674 "-" "Mozilla/5.0 (compatible; DataForSeoBot/1.0; +https://dataforseo.com/dataforseo-bot)"
138.201.140.204 - - [13/Jun/2022:15:50:08 +0200] "GET /admin/general/plugin HTTP/1.1" 404 10438 "-" "Mozilla/5.0 (compatible; DataForSeoBot/1.0; +https://dataforseo.com/dataforseo-bot)"
138.201.140.204 - - [13/Jun/2022:15:51:39 +0200] "GET /wiki/WikiStart?version=16 HTTP/1.1" 200 9253 "-" "Mozilla/5.0 (compatible; DataForSeoBot/1.0; +https://dataforseo.com/dataforseo-bot)"
138.201.140.204 - - [13/Jun/2022:15:51:41 +0200] "GET /wiki/WikiStart?version=7 HTTP/1.1" 200 3997 "-" "Mozilla/5.0 (compatible; DataForSeoBot/1.0; +https://dataforseo.com/dataforseo-bot)"
144.168.166.233 - - [13/Jun/2022:15:51:49 +0200] "GET /wiki/setofethiopianwebcorpora HTTP/1.1" 404 5629 "http://habit-project.eu/" "Mozilla/5.0 (Macintosh; Intel Mac OS X 10_14_0) AppleWebKit/537.36 (KHTML, like Gecko) Chrome/66.0.3359.181 Safari/537.36"
144.168.166.233 - - [13/Jun/2022:15:51:49 +0200] "GET / HTTP/1.1" 200 5454 "http://habit-project.eu" "Mozilla/5.0 (Macintosh; Intel Mac OS X 10_14_0) AppleWebKit/537.36 (KHTML, like Gecko) Chrome/66.0.3359.181 Safari/537.36"
144.168.166.233 - - [13/Jun/2022:15:51:51 +0200] "GET /register HTTP/1.1" 404 5367 "http://habit-project.eu" "Mozilla/5.0 (Macintosh; Intel Mac OS X 10_14_0) AppleWebKit/537.36 (KHTML, like Gecko) Chrome/66.0.3359.181 Safari/537.36"
138.201.140.204 - - [13/Jun/2022:15:52:36 +0200] "GET /prefs/keybindings HTTP/1.1" 200 7489 "-" "Mozilla/5.0 (compatible; DataForSeoBot/1.0; +https://dataforseo.com/dataforseo-bot)"
138.201.140.204 - - [13/Jun/2022:15:52:57 +0200] "GET /wiki/WikiStart?version=1 HTTP/1.1" 200 4022 "-" "Mozilla/5.0 (compatible; DataForSeoBot/1.0; +https://dataforseo.com/dataforseo-bot)"
138.201.140.204 - - [13/Jun/2022:15:53:17 +0200] "GET /timeline?from=2016-01-04T16:13:16+01:00&precision=second HTTP/1.1" 403 10896 "-" "Mozilla/5.0 (compatible; DataForSeoBot/1.0; +https://dataforseo.com/dataforseo-bot)"
138.201.140.204 - - [13/Jun/2022:15:53:37 +0200] "GET /wiki/WikiStart?version=25 HTTP/1.1" 200 5281 "-" "Mozilla/5.0 (compatible; DataForSeoBot/1.0; +https://dataforseo.com/dataforseo-bot)"
138.201.140.204 - - [13/Jun/2022:15:53:54 +0200] "GET /wiki/WikiStart?version=10 HTTP/1.1" 200 9029 "-" "Mozilla/5.0 (compatible; DataForSeoBot/1.0; +https://dataforseo.com/dataforseo-bot)"
138.201.140.204 - - [13/Jun/2022:15:54:12 +0200] "GET /timeline?from=2015-12-22T15:49:23+01:00&precision=second HTTP/1.1" 403 5963 "-" "Mozilla/5.0 (compatible; DataForSeoBot/1.0; +https://dataforseo.com/dataforseo-bot)"
207.46.13.75 - - [13/Jun/2022:15:54:20 +0200] "GET /raw-attachment/wiki/HabitSystemV2/Arabic_v1.wl.txt HTTP/1.1" 200 10962 "-" "Mozilla/5.0 (compatible; bingbot/2.0; +http://www.bing.com/bingbot.htm)"
138.201.140.204 - - [13/Jun/2022:15:54:30 +0200] "GET /timeline?from=2016-01-12T12:50:11+01:00&precision=second HTTP/1.1" 403 10896 "-" "Mozilla/5.0 (compatible; DataForSeoBot/1.0; +https://dataforseo.com/dataforseo-bot)"
54.36.148.145 - - [13/Jun/2022:15:54:43 +0200] "GET /wiki/ParallelCzechNorwegian HTTP/1.1" 200 5245 "-" "Mozilla/5.0 (compatible; AhrefsBot/7.0; +http://ahrefs.com/robot/)"
138.201.140.204 - - [13/Jun/2022:15:54:48 +0200] "GET /timeline?from=2016-01-12T12:50:54+01:00&precision=second HTTP/1.1" 403 10896 "-" "Mozilla/5.0 (compatible; DataForSeoBot/1.0; +https://dataforseo.com/dataforseo-bot)"
138.201.140.204 - - [13/Jun/2022:15:55:07 +0200] "GET /timeline?from=2014-12-25T12:21:51+01:00&precision=second HTTP/1.1" 403 10896 "-" "Mozilla/5.0 (compatible; DataForSeoBot/1.0; +https://dataforseo.com/dataforseo-bot)"
138.201.140.204 - - [13/Jun/2022:15:55:37 +0200] "GET /timeline?from=2015-09-11T10:36:24+02:00&precision=second HTTP/1.1" 403 10896 "-" "Mozilla/5.0 (compatible; DataForSeoBot/1.0; +https://dataforseo.com/dataforseo-bot)"
138.201.140.204 - - [13/Jun/2022:15:55:54 +0200] "GET /timeline?from=2014-11-17T10:22:18+01:00&precision=second HTTP/1.1" 403 10896 "-" "Mozilla/5.0 (compatible; DataForSeoBot/1.0; +https://dataforseo.com/dataforseo-bot)"
23.235.252.209 - - [13/Jun/2022:15:56:07 +0200] "GET /attachment/wiki/habitsystemv3/somali_sample.txt HTTP/1.1" 404 10267 "https://habit-project.eu/" "Mozilla/5.0 (Macintosh; Intel Mac OS X 10_13_4) AppleWebKit/537.36 (KHTML, like Gecko) Chrome/66.0.3359.170 Safari/537.36"
23.235.252.209 - - [13/Jun/2022:15:56:08 +0200] "GET / HTTP/1.1" 200 10204 "https://habit-project.eu" "Mozilla/5.0 (Macintosh; Intel Mac OS X 10_13_4) AppleWebKit/537.36 (KHTML, like Gecko) Chrome/66.0.3359.170 Safari/537.36"
138.201.140.204 - - [13/Jun/2022:15:56:09 +0200] "GET /timeline?from=2016-01-11T16:31:24+01:00&precision=second HTTP/1.1" 403 5963 "-" "Mozilla/5.0 (compatible; DataForSeoBot/1.0; +https://dataforseo.com/dataforseo-bot)"
23.235.252.209 - - [13/Jun/2022:15:56:12 +0200] "GET /register HTTP/1.1" 404 10088 "https://habit-project.eu" "Mozilla/5.0 (Macintosh; Intel Mac OS X 10_13_4) AppleWebKit/537.36 (KHTML, like Gecko) Chrome/66.0.3359.170 Safari/537.36"
138.201.140.204 - - [13/Jun/2022:15:56:51 +0200] "GET /timeline?from=2017-02-16T09:52:43+01:00&precision=second HTTP/1.1" 403 5963 "-" "Mozilla/5.0 (compatible; DataForSeoBot/1.0; +https://dataforseo.com/dataforseo-bot)"
138.201.140.204 - - [13/Jun/2022:15:57:06 +0200] "GET /timeline?from=2016-01-04T16:12:45+01:00&precision=second HTTP/1.1" 403 10896 "-" "Mozilla/5.0 (compatible; DataForSeoBot/1.0; +https://dataforseo.com/dataforseo-bot)"
138.201.140.204 - - [13/Jun/2022:15:57:20 +0200] "GET /timeline?from=2016-01-11T16:32:22+01:00&precision=second HTTP/1.1" 403 5963 "-" "Mozilla/5.0 (compatible; DataForSeoBot/1.0; +https://dataforseo.com/dataforseo-bot)"
74.125.208.107 - - [13/Jun/2022:15:57:31 +0200] "GET /.well-known/traffic-advice HTTP/1.1" 404 10467 "-" "Chrome Privacy Preserving Prefetch Proxy"
138.201.140.204 - - [13/Jun/2022:15:57:34 +0200] "GET /timeline?from=2016-01-06T13:27:21+01:00&precision=second HTTP/1.1" 403 5963 "-" "Mozilla/5.0 (compatible; DataForSeoBot/1.0; +https://dataforseo.com/dataforseo-bot)"
40.77.167.52 - - [13/Jun/2022:15:57:45 +0200] "GET /wiki/SomaliCorpus HTTP/1.1" 200 10167 "-" "Mozilla/5.0 (compatible; bingbot/2.0; +http://www.bing.com/bingbot.htm)"
138.201.140.204 - - [13/Jun/2022:15:57:46 +0200] "GET /timeline?from=2016-01-11T16:31:54+01:00&precision=second HTTP/1.1" 403 10896 "-" "Mozilla/5.0 (compatible; DataForSeoBot/1.0; +https://dataforseo.com/dataforseo-bot)"
138.201.140.204 - - [13/Jun/2022:15:57:59 +0200] "GET /prefs/pygments HTTP/1.1" 200 8520 "-" "Mozilla/5.0 (compatible; DataForSeoBot/1.0; +https://dataforseo.com/dataforseo-bot)"
138.201.140.204 - - [13/Jun/2022:15:58:01 +0200] "GET /timeline?from=2014-11-17T10:22:18+01:00&precision=second HTTP/1.1" 403 5963 "-" "Mozilla/5.0 (compatible; DataForSeoBot/1.0; +https://dataforseo.com/dataforseo-bot)"
138.201.140.204 - - [13/Jun/2022:15:58:13 +0200] "GET /wiki/WikiStart?version=38 HTTP/1.1" 200 10671 "-" "Mozilla/5.0 (compatible; DataForSeoBot/1.0; +https://dataforseo.com/dataforseo-bot)"
138.201.140.204 - - [13/Jun/2022:15:58:17 +0200] "GET /wiki/WikiStart?version=7 HTTP/1.1" 200 8952 "-" "Mozilla/5.0 (compatible; DataForSeoBot/1.0; +https://dataforseo.com/dataforseo-bot)"
138.201.140.204 - - [13/Jun/2022:15:58:28 +0200] "GET /timeline?from=2016-01-11T16:32:22+01:00&precision=second HTTP/1.1" 403 10896 "-" "Mozilla/5.0 (compatible; DataForSeoBot/1.0; +https://dataforseo.com/dataforseo-bot)"
138.201.140.204 - - [13/Jun/2022:15:58:39 +0200] "GET /timeline?from=2015-09-15T14:59:19+02:00&precision=second HTTP/1.1" 403 10896 "-" "Mozilla/5.0 (compatible; DataForSeoBot/1.0; +https://dataforseo.com/dataforseo-bot)"
138.201.140.204 - - [13/Jun/2022:15:58:41 +0200] "GET /timeline?from=2016-01-04T16:03:50+01:00&precision=second HTTP/1.1" 403 5963 "-" "Mozilla/5.0 (compatible; DataForSeoBot/1.0; +https://dataforseo.com/dataforseo-bot)"
138.201.140.204 - - [13/Jun/2022:15:58:53 +0200] "GET /wiki/WikiStart?version=21 HTTP/1.1" 200 9282 "-" "Mozilla/5.0 (compatible; DataForSeoBot/1.0; +https://dataforseo.com/dataforseo-bot)"
138.201.140.204 - - [13/Jun/2022:15:59:04 +0200] "GET /timeline?from=2016-01-15T14:34:37+01:00&precision=second HTTP/1.1" 403 5963 "-" "Mozilla/5.0 (compatible; DataForSeoBot/1.0; +https://dataforseo.com/dataforseo-bot)"
138.201.140.204 - - [13/Jun/2022:15:59:16 +0200] "GET /wiki/WikiStart?version=16 HTTP/1.1" 200 4298 "-" "Mozilla/5.0 (compatible; DataForSeoBot/1.0; +https://dataforseo.com/dataforseo-bot)"
138.201.140.204 - - [13/Jun/2022:15:59:21 +0200] "GET /wiki/WikiStart?version=22 HTTP/1.1" 200 10235 "-" "Mozilla/5.0 (compatible; DataForSeoBot/1.0; +https://dataforseo.com/dataforseo-bot)"
138.201.140.204 - - [13/Jun/2022:15:59:23 +0200] "GET /timeline?from=2016-01-04T16:03:33+01:00&precision=second HTTP/1.1" 403 10896 "-" "Mozilla/5.0 (compatible; DataForSeoBot/1.0; +https://dataforseo.com/dataforseo-bot)"
138.201.140.204 - - [13/Jun/2022:15:59:27 +0200] "GET /wiki/TigrinyaCorpus?action=diff&version=6 HTTP/1.1" 200 3430 "-" "Mozilla/5.0 (compatible; DataForSeoBot/1.0; +https://dataforseo.com/dataforseo-bot)"
138.201.140.204 - - [13/Jun/2022:15:59:31 +0200] "GET /wiki/WikiStart?version=5 HTTP/1.1" 200 3752 "-" "Mozilla/5.0 (compatible; DataForSeoBot/1.0; +https://dataforseo.com/dataforseo-bot)"
138.201.140.204 - - [13/Jun/2022:16:06:34 +0200] "GET /timeline?from=2017-02-15T17:03:35+01:00&precision=second HTTP/1.1" 403 10896 "-" "Mozilla/5.0 (compatible; DataForSeoBot/1.0; +https://dataforseo.com/dataforseo-bot)"
138.201.140.204 - - [13/Jun/2022:16:07:30 +0200] "GET /wiki/WikiStart?version=13 HTTP/1.1" 200 9095 "-" "Mozilla/5.0 (compatible; DataForSeoBot/1.0; +https://dataforseo.com/dataforseo-bot)"
138.201.140.204 - - [13/Jun/2022:16:07:58 +0200] "GET /timeline?from=2017-02-16T09:52:43+01:00&precision=second HTTP/1.1" 403 10896 "-" "Mozilla/5.0 (compatible; DataForSeoBot/1.0; +https://dataforseo.com/dataforseo-bot)"
138.201.140.204 - - [13/Jun/2022:16:08:51 +0200] "GET /timeline?from=2015-12-22T15:19:31+01:00&precision=second HTTP/1.1" 403 10896 "-" "Mozilla/5.0 (compatible; DataForSeoBot/1.0; +https://dataforseo.com/dataforseo-bot)"
1.39.166.192 - - [13/Jun/2022:16:09:14 +0200] "GET /raw-attachment/wiki/NorwegianWordSketches/fig2.png HTTP/1.1" 200 91477 "https://www.google.com/" "Mozilla/5.0 (Linux; Android 10; M2006C3MII) AppleWebKit/537.36 (KHTML, like Gecko) Chrome/101.0.0.0 Mobile Safari/537.36"
157.55.39.196 - - [13/Jun/2022:16:10:21 +0200] "GET /wiki HTTP/1.1" 200 10670 "-" "Mozilla/5.0 (compatible; bingbot/2.0; +http://www.bing.com/bingbot.htm)"
138.201.140.204 - - [13/Jun/2022:16:10:31 +0200] "GET /wiki/WikiStart?version=37 HTTP/1.1" 200 10679 "-" "Mozilla/5.0 (compatible; DataForSeoBot/1.0; +https://dataforseo.com/dataforseo-bot)"
138.201.140.204 - - [13/Jun/2022:16:11:42 +0200] "GET /wiki/WikiStart?version=18 HTTP/1.1" 200 9279 "-" "Mozilla/5.0 (compatible; DataForSeoBot/1.0; +https://dataforseo.com/dataforseo-bot)"
138.201.140.204 - - [13/Jun/2022:16:12:31 +0200] "GET /timeline?from=2016-01-15T14:34:37+01:00&precision=second HTTP/1.1" 403 10896 "-" "Mozilla/5.0 (compatible; DataForSeoBot/1.0; +https://dataforseo.com/dataforseo-bot)"
138.201.140.204 - - [13/Jun/2022:16:12:33 +0200] "GET /timeline?from=2016-01-15T14:15:13+01:00&precision=second HTTP/1.1" 403 10896 "-" "Mozilla/5.0 (compatible; DataForSeoBot/1.0; +https://dataforseo.com/dataforseo-bot)"
138.201.140.204 - - [13/Jun/2022:16:12:35 +0200] "GET /timeline?from=2016-01-11T16:29:52+01:00&precision=second HTTP/1.1" 403 10896 "-" "Mozilla/5.0 (compatible; DataForSeoBot/1.0; +https://dataforseo.com/dataforseo-bot)"
138.201.140.204 - - [13/Jun/2022:16:13:24 +0200] "GET /timeline?from=2016-01-07T11:21:13+01:00&precision=second HTTP/1.1" 403 10896 "-" "Mozilla/5.0 (compatible; DataForSeoBot/1.0; +https://dataforseo.com/dataforseo-bot)"
138.201.140.204 - - [13/Jun/2022:16:13:29 +0200] "GET /timeline?from=2016-01-11T16:31:24+01:00&precision=second HTTP/1.1" 403 10896 "-" "Mozilla/5.0 (compatible; DataForSeoBot/1.0; +https://dataforseo.com/dataforseo-bot)"
124.117.196.212 - - [13/Jun/2022:16:13:42 +0200] "GET / HTTP/1.1" 200 5779 "-" "Mozilla/5.0 (iPhone; CPU iPhone OS 9_1 like Mac OS X) AppleWebKit/601.1.46 (KHTML, like Gecko) Version/9.0 Mobile/13B143 Safari/601.1"
138.201.140.204 - - [13/Jun/2022:16:13:55 +0200] "GET /wiki/WikiStart?version=25 HTTP/1.1" 200 10236 "-" "Mozilla/5.0 (compatible; DataForSeoBot/1.0; +https://dataforseo.com/dataforseo-bot)"
198.27.110.123 - - [13/Jun/2022:16:13:56 +0200] "GET /prefs HTTP/1.1" 200 7276 "https://www.habit-project.eu/" "Mozilla/5.0 (Macintosh; Intel Mac OS X 10_12_6) AppleWebKit/537.36 (KHTML, like Gecko) Chrome/65.0.3325.181 Safari/537.36 OPR/52.0.2871.64"
198.27.110.123 - - [13/Jun/2022:16:13:56 +0200] "GET /register HTTP/1.1" 404 10088 "https://www.habit-project.eu/" "Mozilla/5.0 (Macintosh; Intel Mac OS X 10_12_6) AppleWebKit/537.36 (KHTML, like Gecko) Chrome/65.0.3325.181 Safari/537.36 OPR/52.0.2871.64"
138.201.140.204 - - [13/Jun/2022:16:13:58 +0200] "GET /timeline?from=2014-11-20T12:40:10+01:00&precision=second HTTP/1.1" 403 10896 "-" "Mozilla/5.0 (compatible; DataForSeoBot/1.0; +https://dataforseo.com/dataforseo-bot)"
138.201.140.204 - - [13/Jun/2022:16:14:48 +0200] "GET /wiki/WikiStart?version=14 HTTP/1.1" 200 9144 "-" "Mozilla/5.0 (compatible; DataForSeoBot/1.0; +https://dataforseo.com/dataforseo-bot)"
138.201.140.204 - - [13/Jun/2022:16:15:11 +0200] "GET /wiki/WikiStart?version=8 HTTP/1.1" 200 8961 "-" "Mozilla/5.0 (compatible; DataForSeoBot/1.0; +https://dataforseo.com/dataforseo-bot)"
138.201.140.204 - - [13/Jun/2022:16:15:35 +0200] "GET /wiki/WikiStart?action=diff&version=42 HTTP/1.1" 200 8629 "-" "Mozilla/5.0 (compatible; DataForSeoBot/1.0; +https://dataforseo.com/dataforseo-bot)"
138.201.140.204 - - [13/Jun/2022:16:15:57 +0200] "GET /timeline?from=2015-09-15T15:11:05+02:00&precision=second HTTP/1.1" 403 10896 "-" "Mozilla/5.0 (compatible; DataForSeoBot/1.0; +https://dataforseo.com/dataforseo-bot)"
138.201.140.204 - - [13/Jun/2022:16:16:22 +0200] "GET /wiki/WikiStart?version=4 HTTP/1.1" 200 8578 "-" "Mozilla/5.0 (compatible; DataForSeoBot/1.0; +https://dataforseo.com/dataforseo-bot)"
138.201.140.204 - - [13/Jun/2022:16:17:28 +0200] "GET /wiki/WikiStart?version=3 HTTP/1.1" 200 8535 "-" "Mozilla/5.0 (compatible; DataForSeoBot/1.0; +https://dataforseo.com/dataforseo-bot)"
138.201.140.204 - - [13/Jun/2022:16:17:51 +0200] "GET /wiki/WikiStart?version=31 HTTP/1.1" 200 10669 "-" "Mozilla/5.0 (compatible; DataForSeoBot/1.0; +https://dataforseo.com/dataforseo-bot)"
138.201.140.204 - - [13/Jun/2022:16:18:14 +0200] "GET /wiki/WikiStart?version=2 HTTP/1.1" 200 8544 "-" "Mozilla/5.0 (compatible; DataForSeoBot/1.0; +https://dataforseo.com/dataforseo-bot)"
138.201.140.204 - - [13/Jun/2022:16:18:56 +0200] "GET /timeline?from=2015-12-22T15:49:23+01:00&precision=second HTTP/1.1" 403 10896 "-" "Mozilla/5.0 (compatible; DataForSeoBot/1.0; +https://dataforseo.com/dataforseo-bot)"
138.201.140.204 - - [13/Jun/2022:16:19:19 +0200] "GET /wiki/WikiStart?version=28 HTTP/1.1" 200 10595 "-" "Mozilla/5.0 (compatible; DataForSeoBot/1.0; +https://dataforseo.com/dataforseo-bot)"
138.201.140.204 - - [13/Jun/2022:16:19:23 +0200] "GET /wiki/WikiStart?version=43 HTTP/1.1" 200 10714 "-" "Mozilla/5.0 (compatible; DataForSeoBot/1.0; +https://dataforseo.com/dataforseo-bot)"
138.201.140.204 - - [13/Jun/2022:16:19:46 +0200] "GET /wiki/WikiStart?version=1 HTTP/1.1" 200 8977 "-" "Mozilla/5.0 (compatible; DataForSeoBot/1.0; +https://dataforseo.com/dataforseo-bot)"
138.201.140.204 - - [13/Jun/2022:16:24:57 +0200] "GET /wiki/WikiStart?version=39 HTTP/1.1" 200 10737 "-" "Mozilla/5.0 (compatible; DataForSeoBot/1.0; +https://dataforseo.com/dataforseo-bot)"
138.201.140.204 - - [13/Jun/2022:16:25:18 +0200] "GET /wiki/WikiStart?version=41 HTTP/1.1" 200 10738 "-" "Mozilla/5.0 (compatible; DataForSeoBot/1.0; +https://dataforseo.com/dataforseo-bot)"
138.201.140.204 - - [13/Jun/2022:16:25:38 +0200] "GET /timeline?from=2016-01-04T10:56:31+01:00&precision=second HTTP/1.1" 403 10896 "-" "Mozilla/5.0 (compatible; DataForSeoBot/1.0; +https://dataforseo.com/dataforseo-bot)"
138.201.140.204 - - [13/Jun/2022:16:27:41 +0200] "GET /wiki/WikiStart?version=19 HTTP/1.1" 200 9299 "-" "Mozilla/5.0 (compatible; DataForSeoBot/1.0; +https://dataforseo.com/dataforseo-bot)"
114.119.152.147 - - [13/Jun/2022:16:28:44 +0200] "GET /attachment/wiki/HabitSystemV3/Danish_sample.txt HTTP/1.1" 200 7479 "https://www.habit-project.eu/wiki/HabitSystemV3" "Mozilla/5.0 (Linux; Android 7.0;) AppleWebKit/537.36 (KHTML, like Gecko) Mobile Safari/537.36 (compatible; PetalBot;+https://webmaster.petalsearch.com/site/petalbot)"
157.55.39.196 - - [13/Jun/2022:16:29:02 +0200] "GET /wiki HTTP/1.1" 200 10670 "-" "Mozilla/5.0 (compatible; bingbot/2.0; +http://www.bing.com/bingbot.htm)"
138.201.140.204 - - [13/Jun/2022:16:29:02 +0200] "GET /wiki/WikiStart?version=15 HTTP/1.1" 200 9214 "-" "Mozilla/5.0 (compatible; DataForSeoBot/1.0; +https://dataforseo.com/dataforseo-bot)"
138.201.140.204 - - [13/Jun/2022:16:29:47 +0200] "GET /timeline?from=2016-01-04T16:03:50+01:00&precision=second HTTP/1.1" 403 10896 "-" "Mozilla/5.0 (compatible; DataForSeoBot/1.0; +https://dataforseo.com/dataforseo-bot)"
138.201.140.204 - - [13/Jun/2022:16:30:28 +0200] "GET /wiki/WikiStart?version=24 HTTP/1.1" 200 10244 "-" "Mozilla/5.0 (compatible; DataForSeoBot/1.0; +https://dataforseo.com/dataforseo-bot)"
138.201.140.204 - - [13/Jun/2022:16:30:49 +0200] "GET /wiki/WikiStart?version=29 HTTP/1.1" 200 10636 "-" "Mozilla/5.0 (compatible; DataForSeoBot/1.0; +https://dataforseo.com/dataforseo-bot)"
138.201.140.204 - - [13/Jun/2022:16:31:31 +0200] "GET /timeline?from=2014-12-25T12:17:39+01:00&precision=second HTTP/1.1" 403 10896 "-" "Mozilla/5.0 (compatible; DataForSeoBot/1.0; +https://dataforseo.com/dataforseo-bot)"
138.201.140.204 - - [13/Jun/2022:16:31:51 +0200] "GET /wiki/WikiStart?version=42 HTTP/1.1" 200 10767 "-" "Mozilla/5.0 (compatible; DataForSeoBot/1.0; +https://dataforseo.com/dataforseo-bot)"
138.201.140.204 - - [13/Jun/2022:16:34:06 +0200] "GET /timeline?from=2014-11-19T14:44:53+01:00&precision=second HTTP/1.1" 403 10896 "-" "Mozilla/5.0 (compatible; DataForSeoBot/1.0; +https://dataforseo.com/dataforseo-bot)"
138.201.140.204 - - [13/Jun/2022:16:34:08 +0200] "GET /wiki/WikiStart?version=12 HTTP/1.1" 200 9048 "-" "Mozilla/5.0 (compatible; DataForSeoBot/1.0; +https://dataforseo.com/dataforseo-bot)"
138.201.140.204 - - [13/Jun/2022:16:34:09 +0200] "GET /wiki/WikiStart?version=5 HTTP/1.1" 200 8707 "-" "Mozilla/5.0 (compatible; DataForSeoBot/1.0; +https://dataforseo.com/dataforseo-bot)"
138.201.140.204 - - [13/Jun/2022:16:34:13 +0200] "GET /wiki/WikiStart?version=27 HTTP/1.1" 200 10599 "-" "Mozilla/5.0 (compatible; DataForSeoBot/1.0; +https://dataforseo.com/dataforseo-bot)"
114.119.152.147 - - [13/Jun/2022:16:36:20 +0200] "GET /wiki/WikiHtml?action=history HTTP/1.1" 200 7476 "https://www.habit-project.eu/wiki/WikiHtml" "Mozilla/5.0 (Linux; Android 7.0;) AppleWebKit/537.36 (KHTML, like Gecko) Mobile Safari/537.36 (compatible; PetalBot;+https://webmaster.petalsearch.com/site/petalbot)"
113.11.70.28 - - [13/Jun/2022:16:41:42 +0200] "GET /wiki/informationevents HTTP/1.1" 404 10343 "https://habit-project.eu/" "Mozilla/5.0 (Macintosh; Intel Mac OS X 10_13_4) AppleWebKit/537.36 (KHTML, like Gecko) Chrome/68.0.3432.3 Safari/537.36"
113.11.70.28 - - [13/Jun/2022:16:41:43 +0200] "GET / HTTP/1.1" 200 10204 "https://habit-project.eu" "Mozilla/5.0 (Macintosh; Intel Mac OS X 10_13_4) AppleWebKit/537.36 (KHTML, like Gecko) Chrome/68.0.3432.3 Safari/537.36"
113.11.70.28 - - [13/Jun/2022:16:41:46 +0200] "GET /register HTTP/1.1" 404 10088 "https://habit-project.eu" "Mozilla/5.0 (Macintosh; Intel Mac OS X 10_13_4) AppleWebKit/537.36 (KHTML, like Gecko) Chrome/68.0.3432.3 Safari/537.36"
113.11.70.28 - - [13/Jun/2022:16:43:42 +0200] "GET /wiki/informationevents HTTP/1.1" 404 10343 "https://habit-project.eu/" "Mozilla/5.0 (Windows NT 10.0; Win64; x64) AppleWebKit/537.36 (KHTML, like Gecko) Chrome/66.0.3359.117 Safari/537.36"
113.11.70.28 - - [13/Jun/2022:16:43:43 +0200] "GET / HTTP/1.1" 200 10204 "https://habit-project.eu" "Mozilla/5.0 (Windows NT 10.0; Win64; x64) AppleWebKit/537.36 (KHTML, like Gecko) Chrome/66.0.3359.117 Safari/537.36"
113.11.70.28 - - [13/Jun/2022:16:43:46 +0200] "GET /register HTTP/1.1" 404 10088 "https://habit-project.eu" "Mozilla/5.0 (Windows NT 10.0; Win64; x64) AppleWebKit/537.36 (KHTML, like Gecko) Chrome/66.0.3359.117 Safari/537.36"
45.148.233.112 - - [13/Jun/2022:17:00:37 +0200] "GET /wiki/LanguageProperties HTTP/1.1" 200 8528 "https://habit-project.eu/" "Mozilla/5.0 (Macintosh; Intel Mac OS X 10_13_5) AppleWebKit/537.36 (KHTML, like Gecko) Chrome/68.0.3440.15 Safari/537.36"
45.148.233.112 - - [13/Jun/2022:17:00:39 +0200] "GET /register HTTP/1.1" 404 10088 "https://habit-project.eu/" "Mozilla/5.0 (Macintosh; Intel Mac OS X 10_13_5) AppleWebKit/537.36 (KHTML, like Gecko) Chrome/68.0.3440.15 Safari/537.36"
114.119.152.147 - - [13/Jun/2022:17:01:27 +0200] "GET /wiki/SomaliCorpus?version=4 HTTP/1.1" 200 9942 "https://www.habit-project.eu/wiki/SomaliCorpus?version=5" "Mozilla/5.0 (Linux; Android 7.0;) AppleWebKit/537.36 (KHTML, like Gecko) Mobile Safari/537.36 (compatible; PetalBot;+https://webmaster.petalsearch.com/site/petalbot)"
114.119.152.149 - - [13/Jun/2022:17:05:47 +0200] "GET /wiki/WikiStart?action=diff&version=39 HTTP/1.1" 200 9187 "https://www.habit-project.eu/wiki/WikiStart?action=diff&version=40" "Mozilla/5.0 (Linux; Android 7.0;) AppleWebKit/537.36 (KHTML, like Gecko) Mobile Safari/537.36 (compatible; PetalBot;+https://webmaster.petalsearch.com/site/petalbot)"
114.119.152.142 - - [13/Jun/2022:17:08:53 +0200] "GET /wiki/WikiStart?version=27&format=txt HTTP/1.1" 200 2779 "http://habit-project.eu/wiki/WikiStart?version=27" "Mozilla/5.0 (Linux; Android 7.0;) AppleWebKit/537.36 (KHTML, like Gecko) Mobile Safari/537.36 (compatible; PetalBot;+https://webmaster.petalsearch.com/site/petalbot)"
114.119.152.147 - - [13/Jun/2022:17:11:36 +0200] "GET /wiki/TracQuery?version=1&format=txt HTTP/1.1" 200 8358 "https://www.habit-project.eu/wiki/TracQuery?version=1" "Mozilla/5.0 (Linux; Android 7.0;) AppleWebKit/537.36 (KHTML, like Gecko) Mobile Safari/537.36 (compatible; PetalBot;+https://webmaster.petalsearch.com/site/petalbot)"
114.119.152.149 - - [13/Jun/2022:17:14:12 +0200] "GET /timeline?from=2016-12-05T13:46:19%2B01:00&precision=second HTTP/1.1" 403 10881 "https://www.habit-project.eu/wiki/InformationEvents?action=diff&version=9" "Mozilla/5.0 (Linux; Android 7.0;) AppleWebKit/537.36 (KHTML, like Gecko) Mobile Safari/537.36 (compatible; PetalBot;+https://webmaster.petalsearch.com/site/petalbot)"
202.142.159.204 - - [13/Jun/2022:17:15:49 +0200] "GET / HTTP/1.1" 200 10384 "https://habit-project.eu/" "Mozilla/5.0 (Macintosh; Intel Mac OS X 10_13_4) AppleWebKit/537.36 (KHTML, like Gecko) Chrome/60.0.3112.113 Safari/537.36"
114.119.152.143 - - [13/Jun/2022:17:17:01 +0200] "GET /wiki/AmharicCorpusMorpho?action=diff&version=4 HTTP/1.1" 200 8985 "https://habit-project.eu/wiki/AmharicCorpusMorpho" "Mozilla/5.0 (Linux; Android 7.0;) AppleWebKit/537.36 (KHTML, like Gecko) Mobile Safari/537.36 (compatible; PetalBot;+https://webmaster.petalsearch.com/site/petalbot)"
87.250.224.25 - - [13/Jun/2022:17:17:56 +0200] "GET /robots.txt HTTP/1.1" 404 10467 "-" "Mozilla/5.0 (compatible; YandexBot/3.0; +http://yandex.com/bots)"
87.250.224.25 - - [13/Jun/2022:17:18:00 +0200] "GET /raw-attachment/wiki/HabitSystemV3/Somali_justext.txt HTTP/1.1" 200 1525 "-" "Mozilla/5.0 (compatible; YandexBot/3.0; +http://yandex.com/bots)"
114.119.152.147 - - [13/Jun/2022:17:23:17 +0200] "GET /timeline?from=2017-01-20T12:03:58%2B01:00&precision=second HTTP/1.1" 403 10881 "https://www.habit-project.eu/wiki/InterimResults?action=history" "Mozilla/5.0 (Linux; Android 7.0;) AppleWebKit/537.36 (KHTML, like Gecko) Mobile Safari/537.36 (compatible; PetalBot;+https://webmaster.petalsearch.com/site/petalbot)"
82.145.221.64 - - [13/Jun/2022:17:24:10 +0200] "GET /raw-attachment/wiki/HabitSystemV3/Oromo_sample.txt HTTP/1.1" 500 89978 "https://www.google.com/search?q=daaima+koorniyaa+gosaa+adda+adda+lama+wajjin+dhalatan&client=ms-opera-mini-android&channel=new" "Opera/9.80 (Android; Opera Mini/7.6.35813/191.269; U; en) Presto/2.12.423 Version/12.16"
82.145.221.64 - - [13/Jun/2022:17:24:18 +0200] "GET /attachment/wiki/HabitSystemV2/Oromo_v1.txt HTTP/1.1" 200 166138 "https://www.google.com/search?q=daaima+koorniyaa+gosaa+adda+adda+lama+wajjin+dhalatan&client=ms-opera-mini-android&channel=new" "Opera/9.80 (Android; Opera Mini/7.6.35813/191.269; U; en) Presto/2.12.423 Version/12.16"
82.145.221.64 - - [13/Jun/2022:17:24:20 +0200] "GET /chrome/common/trac.ico HTTP/1.1" 200 4145 "https://habit-project.eu/attachment/wiki/HabitSystemV2/Oromo_v1.txt" "Opera/9.80 (Android; Opera Mini/7.6.35813/191.269; U; en) Presto/2.12.423 Version/12.16"
82.145.221.64 - - [13/Jun/2022:17:24:20 +0200] "GET /chrome/common/js/jquery.js HTTP/1.1" 200 39368 "https://habit-project.eu/attachment/wiki/HabitSystemV2/Oromo_v1.txt" "Opera/9.80 (Android; Opera Mini/7.6.35813/191.269; U; en) Presto/2.12.423 Version/12.16"
82.145.221.64 - - [13/Jun/2022:17:24:20 +0200] "GET /pygments/trac.css HTTP/1.1" 200 0 "https://habit-project.eu/attachment/wiki/HabitSystemV2/Oromo_v1.txt" "Opera/9.80 (Android; Opera Mini/7.6.35813/191.269; U; en) Presto/2.12.423 Version/12.16"
82.145.221.64 - - [13/Jun/2022:17:24:20 +0200] "GET /chrome/tracjsgantt/jsgantt.js HTTP/1.1" 200 20806 "https://habit-project.eu/attachment/wiki/HabitSystemV2/Oromo_v1.txt" "Opera/9.80 (Android; Opera Mini/7.6.35813/191.269; U; en) Presto/2.12.423 Version/12.16"
82.145.221.64 - - [13/Jun/2022:17:24:20 +0200] "GET /chrome/common/css/trac.css HTTP/1.1" 200 6878 "https://habit-project.eu/attachment/wiki/HabitSystemV2/Oromo_v1.txt" "Opera/9.80 (Android; Opera Mini/7.6.35813/191.269; U; en) Presto/2.12.423 Version/12.16"
82.145.221.64 - - [13/Jun/2022:17:24:20 +0200] "GET /chrome/tracjsgantt/tracjsgantt.css HTTP/1.1" 200 0 "https://habit-project.eu/attachment/wiki/HabitSystemV2/Oromo_v1.txt" "Opera/9.80 (Android; Opera Mini/7.6.35813/191.269; U; en) Presto/2.12.423 Version/12.16"
82.145.221.64 - - [13/Jun/2022:17:24:20 +0200] "GET /chrome/tracwysiwyg/wysiwyg.js HTTP/1.1" 200 33302 "https://habit-project.eu/attachment/wiki/HabitSystemV2/Oromo_v1.txt" "Opera/9.80 (Android; Opera Mini/7.6.35813/191.269; U; en) Presto/2.12.423 Version/12.16"
82.145.221.64 - - [13/Jun/2022:17:24:20 +0200] "GET /chrome/site/NLPlogo_text.png HTTP/1.1" 200 70391 "https://habit-project.eu/attachment/wiki/HabitSystemV2/Oromo_v1.txt" "Opera/9.80 (Android; Opera Mini/7.6.35813/191.269; U; en) Presto/2.12.423 Version/12.16"
82.145.221.64 - - [13/Jun/2022:17:24:20 +0200] "GET /chrome/common/trac_logo_mini.png HTTP/1.1" 200 5124 "https://habit-project.eu/attachment/wiki/HabitSystemV2/Oromo_v1.txt" "Opera/9.80 (Android; Opera Mini/7.6.35813/191.269; U; en) Presto/2.12.423 Version/12.16"
82.145.221.64 - - [13/Jun/2022:17:24:20 +0200] "GET /chrome/tracwysiwyg/wysiwyg.js HTTP/1.1" 200 32635 "https://habit-project.eu/attachment/wiki/HabitSystemV2/Oromo_v1.txt" "Opera/9.80 (Android; Opera Mini/7.6.35813/191.269; U; en) Presto/2.12.423 Version/12.16"
82.145.221.64 - - [13/Jun/2022:17:24:20 +0200] "GET /chrome/common/js/folding.js HTTP/1.1" 200 1374 "https://habit-project.eu/attachment/wiki/HabitSystemV2/Oromo_v1.txt" "Opera/9.80 (Android; Opera Mini/7.6.35813/191.269; U; en) Presto/2.12.423 Version/12.16"
82.145.221.64 - - [13/Jun/2022:17:24:20 +0200] "GET /chrome/tracjsgantt/jsgantt.css HTTP/1.1" 200 1247 "https://habit-project.eu/attachment/wiki/HabitSystemV2/Oromo_v1.txt" "Opera/9.80 (Android; Opera Mini/7.6.35813/191.269; U; en) Presto/2.12.423 Version/12.16"
82.145.221.64 - - [13/Jun/2022:17:24:20 +0200] "GET /chrome/tracwysiwyg/wysiwyg.css HTTP/1.1" 200 1255 "https://habit-project.eu/attachment/wiki/HabitSystemV2/Oromo_v1.txt" "Opera/9.80 (Android; Opera Mini/7.6.35813/191.269; U; en) Presto/2.12.423 Version/12.16"
82.145.221.64 - - [13/Jun/2022:17:24:20 +0200] "GET /chrome/common/css/code.css HTTP/1.1" 200 912 "https://habit-project.eu/attachment/wiki/HabitSystemV2/Oromo_v1.txt" "Opera/9.80 (Android; Opera Mini/7.6.35813/191.269; U; en) Presto/2.12.423 Version/12.16"
82.145.221.64 - - [13/Jun/2022:17:24:20 +0200] "GET /chrome/common/js/search.js HTTP/1.1" 200 137 "https://habit-project.eu/attachment/wiki/HabitSystemV2/Oromo_v1.txt" "Opera/9.80 (Android; Opera Mini/7.6.35813/191.269; U; en) Presto/2.12.423 Version/12.16"
82.145.221.64 - - [13/Jun/2022:17:24:21 +0200] "GET /chrome/tracjsgantt/jsgantt.css HTTP/1.1" 200 2801 "https://habit-project.eu/attachment/wiki/HabitSystemV2/Oromo_v1.txt" "Opera/9.80 (Android; Opera Mini/7.6.35813/191.269; U; en) Presto/2.12.423 Version/12.16"
82.145.221.64 - - [13/Jun/2022:17:24:20 +0200] "GET /chrome/common/js/trac.js HTTP/1.1" 200 137 "https://habit-project.eu/attachment/wiki/HabitSystemV2/Oromo_v1.txt" "Opera/9.80 (Android; Opera Mini/7.6.35813/191.269; U; en) Presto/2.12.423 Version/12.16"
82.145.221.64 - - [13/Jun/2022:17:24:21 +0200] "GET /chrome/tracwysiwyg/wysiwyg.css HTTP/1.1" 200 4515 "https://habit-project.eu/attachment/wiki/HabitSystemV2/Oromo_v1.txt" "Opera/9.80 (Android; Opera Mini/7.6.35813/191.269; U; en) Presto/2.12.423 Version/12.16"
82.145.221.64 - - [13/Jun/2022:17:24:20 +0200] "GET /chrome/common/js/babel.js HTTP/1.1" 200 137 "https://habit-project.eu/attachment/wiki/HabitSystemV2/Oromo_v1.txt" "Opera/9.80 (Android; Opera Mini/7.6.35813/191.269; U; en) Presto/2.12.423 Version/12.16"
82.145.221.64 - - [13/Jun/2022:17:24:21 +0200] "GET /chrome/common/css/code.css HTTP/1.1" 200 0 "https://habit-project.eu/attachment/wiki/HabitSystemV2/Oromo_v1.txt" "Opera/9.80 (Android; Opera Mini/7.6.35813/191.269; U; en) Presto/2.12.423 Version/12.16"
82.145.221.64 - - [13/Jun/2022:17:24:21 +0200] "GET /chrome/common/js/folding.js HTTP/1.1" 200 4841 "https://habit-project.eu/attachment/wiki/HabitSystemV2/Oromo_v1.txt" "Opera/9.80 (Android; Opera Mini/7.6.35813/191.269; U; en) Presto/2.12.423 Version/12.16"
82.145.221.64 - - [13/Jun/2022:17:24:22 +0200] "GET /chrome/common/topbar_gradient.png HTTP/1.1" 200 512 "https://habit-project.eu/attachment/wiki/HabitSystemV2/Oromo_v1.txt" "Opera/9.80 (Android; Opera Mini/7.6.35813/191.269; U; en) Presto/2.12.423 Version/12.16"
82.145.221.64 - - [13/Jun/2022:17:24:22 +0200] "GET /chrome/common/topbar_gradient2.png HTTP/1.1" 200 721 "https://habit-project.eu/attachment/wiki/HabitSystemV2/Oromo_v1.txt" "Opera/9.80 (Android; Opera Mini/7.6.35813/191.269; U; en) Presto/2.12.423 Version/12.16"
114.119.152.148 - - [13/Jun/2022:17:28:12 +0200] "GET /timeline?from=2015-10-26T16:54:43%2B01:00&precision=second HTTP/1.1" 403 6000 "http://habit-project.eu/wiki/InformationEvents?action=diff&version=1" "Mozilla/5.0 (Linux; Android 7.0;) AppleWebKit/537.36 (KHTML, like Gecko) Mobile Safari/537.36 (compatible; PetalBot;+https://webmaster.petalsearch.com/site/petalbot)"
114.119.154.89 - - [13/Jun/2022:17:31:08 +0200] "GET /wiki/SemanticContent HTTP/1.1" 200 2658 "http://habit-project.eu/wiki/TitleIndex" "Mozilla/5.0 (Linux; Android 7.0;) AppleWebKit/537.36 (KHTML, like Gecko) Mobile Safari/537.36 (compatible; PetalBot;+https://webmaster.petalsearch.com/site/petalbot)"
114.119.152.147 - - [13/Jun/2022:17:33:55 +0200] "GET /wiki/InterimResults?action=diff&version=59 HTTP/1.1" 200 8377 "https://www.habit-project.eu/wiki/InterimResults?action=diff&version=58" "Mozilla/5.0 (Linux; Android 7.0;) AppleWebKit/537.36 (KHTML, like Gecko) Mobile Safari/537.36 (compatible; PetalBot;+https://webmaster.petalsearch.com/site/petalbot)"
54.36.148.38 - - [13/Jun/2022:17:34:50 +0200] "GET /wiki/SomaliCorpus?action=history HTTP/1.1" 200 7674 "-" "Mozilla/5.0 (compatible; AhrefsBot/7.0; +http://ahrefs.com/robot/)"
193.31.126.182 - - [13/Jun/2022:17:39:58 +0200] "GET /wiki/CorpusAnnotationTool HTTP/1.1" 200 3687 "http://habit-project.eu/" "Mozilla/5.0 (Macintosh; Intel Mac OS X 10_9_5) AppleWebKit/537.36 (KHTML, like Gecko) Chrome/68.0.3397.0 Safari/537.36"
193.31.126.182 - - [13/Jun/2022:17:39:59 +0200] "GET /register HTTP/1.1" 404 5367 "http://habit-project.eu/" "Mozilla/5.0 (Macintosh; Intel Mac OS X 10_9_5) AppleWebKit/537.36 (KHTML, like Gecko) Chrome/68.0.3397.0 Safari/537.36"
157.55.39.196 - - [13/Jun/2022:17:40:29 +0200] "GET /raw-attachment/wiki/HabitSystemV1/English_v1.txt HTTP/1.1" 200 306909 "-" "Mozilla/5.0 (compatible; bingbot/2.0; +http://www.bing.com/bingbot.htm)"
198.74.51.249 - - [13/Jun/2022:17:44:55 +0200] "GET /attachment/wiki/habitsystemv3/somali_sample.txt HTTP/1.1" 404 10267 "https://habit-project.eu/" "Mozilla/5.0 (Macintosh; Intel Mac OS X 10_13_4) AppleWebKit/537.36 (KHTML, like Gecko) Chrome/67.0.3396.10 Safari/537.36"
183.198.172.204 - - [13/Jun/2022:17:44:56 +0200] "GET / HTTP/1.1" 200 5634 "http://habit-project.eu/" "Mozilla/5.0 (Macintosh; Intel Mac OS X 10_13_3) AppleWebKit/537.36 (KHTML, like Gecko) Chrome/66.0.3359.181 Safari/537.36"
198.74.51.249 - - [13/Jun/2022:17:44:56 +0200] "GET / HTTP/1.1" 200 10204 "https://habit-project.eu" "Mozilla/5.0 (Macintosh; Intel Mac OS X 10_13_4) AppleWebKit/537.36 (KHTML, like Gecko) Chrome/67.0.3396.10 Safari/537.36"
183.198.172.204 - - [13/Jun/2022:17:44:58 +0200] "GET /register HTTP/1.1" 404 5367 "http://habit-project.eu/" "Mozilla/5.0 (Macintosh; Intel Mac OS X 10_13_3) AppleWebKit/537.36 (KHTML, like Gecko) Chrome/66.0.3359.181 Safari/537.36"
198.74.51.249 - - [13/Jun/2022:17:45:01 +0200] "GET /wiki/LanguageProperties HTTP/1.0" 200 8311 "https://habit-project.eu" "Mozilla/5.0 (Macintosh; Intel Mac OS X 10_13_4) AppleWebKit/537.36 (KHTML, like Gecko) Chrome/67.0.3396.10 Safari/537.36"
114.119.152.147 - - [13/Jun/2022:17:45:43 +0200] "GET /wiki/InterimResults?version=51 HTTP/1.1" 200 11399 "http://habit-project.eu/wiki/InterimResults?version=52" "Mozilla/5.0 (Linux; Android 7.0;) AppleWebKit/537.36 (KHTML, like Gecko) Mobile Safari/537.36 (compatible; PetalBot;+https://webmaster.petalsearch.com/site/petalbot)"
114.119.152.142 - - [13/Jun/2022:17:51:16 +0200] "GET /query?group=status&keywords=~ HTTP/1.1" 403 5998 "http://habit-project.eu/wiki/InterMapTxt?version=1" "Mozilla/5.0 (Linux; Android 7.0;) AppleWebKit/537.36 (KHTML, like Gecko) Mobile Safari/537.36 (compatible; PetalBot;+https://webmaster.petalsearch.com/site/petalbot)"
185.104.219.71 - - [13/Jun/2022:17:55:26 +0200] "GET /wiki/setofethiopianwebcorpora HTTP/1.1" 404 5629 "http://habit-project.eu/" "Mozilla/5.0 (Macintosh; Intel Mac OS X 10_13_4) AppleWebKit/537.36 (KHTML, like Gecko) Chrome/68.0.3415.0 Safari/537.36"
185.104.219.71 - - [13/Jun/2022:17:55:27 +0200] "GET / HTTP/1.1" 200 5454 "http://habit-project.eu" "Mozilla/5.0 (Macintosh; Intel Mac OS X 10_13_4) AppleWebKit/537.36 (KHTML, like Gecko) Chrome/68.0.3415.0 Safari/537.36"
185.104.219.71 - - [13/Jun/2022:17:55:28 +0200] "GET /register HTTP/1.1" 404 5367 "http://habit-project.eu" "Mozilla/5.0 (Macintosh; Intel Mac OS X 10_13_4) AppleWebKit/537.36 (KHTML, like Gecko) Chrome/68.0.3415.0 Safari/537.36"
157.55.39.196 - - [13/Jun/2022:17:55:49 +0200] "GET /wiki/AmharicWordSketches?action=history HTTP/1.1" 200 2650 "-" "Mozilla/5.0 (compatible; bingbot/2.0; +http://www.bing.com/bingbot.htm)"
114.119.152.143 - - [13/Jun/2022:17:56:08 +0200] "GET /wiki/DevelopmentModule HTTP/1.1" 200 12399 "https://www.habit-project.eu/wiki/SketchNewLang" "Mozilla/5.0 (Linux; Android 7.0;) AppleWebKit/537.36 (KHTML, like Gecko) Mobile Safari/537.36 (compatible; PetalBot;+https://webmaster.petalsearch.com/site/petalbot)"
13.90.211.8 - - [13/Jun/2022:17:58:04 +0200] "GET /api/Probe HTTP/1.1" 404 5548 "-" "-"
192.111.139.162 - - [13/Jun/2022:17:58:17 +0200] "GET /register HTTP/1.1" 404 10465 "https://habit-project.eu" "Mozilla/5.0 (Macintosh; Intel Mac OS X 10_13_4) AppleWebKit/605.1.15 (KHTML, like Gecko)"
114.119.152.148 - - [13/Jun/2022:17:58:57 +0200] "GET /wiki/CzechWordSketches?version=4 HTTP/1.1" 200 4383 "http://habit-project.eu/wiki/CzechWordSketches?action=diff&version=4" "Mozilla/5.0 (Linux; Android 7.0;) AppleWebKit/537.36 (KHTML, like Gecko) Mobile Safari/537.36 (compatible; PetalBot;+https://webmaster.petalsearch.com/site/petalbot)"
23.95.232.246 - - [13/Jun/2022:17:59:22 +0200] "GET /about HTTP/1.1" 200 7069 "https://www.habit-project.eu/" "Mozilla/5.0 (Macintosh; Intel Mac OS X 10_13_5) AppleWebKit/537.36 (KHTML, like Gecko) Chrome/66.0.3359.181 Safari/537.36"
23.95.232.246 - - [13/Jun/2022:17:59:23 +0200] "GET /register HTTP/1.1" 404 10088 "https://www.habit-project.eu/" "Mozilla/5.0 (Macintosh; Intel Mac OS X 10_13_5) AppleWebKit/537.36 (KHTML, like Gecko) Chrome/66.0.3359.181 Safari/537.36"
157.55.39.196 - - [13/Jun/2022:18:00:41 +0200] "GET /wiki HTTP/1.1" 200 10670 "-" "Mozilla/5.0 (compatible; bingbot/2.0; +http://www.bing.com/bingbot.htm)"
196.189.63.231 - - [13/Jun/2022:18:04:10 +0200] "GET /chrome/common/css/trac.css HTTP/1.1" 200 11738 "-" "Mozilla/5.0 (Linux; Android 11; SM-M017F) AppleWebKit/537.36 (KHTML, like Gecko) Chrome/102.0.5005.78 Mobile Safari/537.36"
196.189.63.231 - - [13/Jun/2022:18:04:12 +0200] "GET /pygments/trac.css HTTP/1.1" 200 1592 "-" "Mozilla/5.0 (Linux; Android 11; SM-M017F) AppleWebKit/537.36 (KHTML, like Gecko) Chrome/102.0.5005.78 Mobile Safari/537.36"
196.189.63.231 - - [13/Jun/2022:18:04:12 +0200] "GET /chrome/common/css/code.css HTTP/1.1" 200 1333 "-" "Mozilla/5.0 (Linux; Android 11; SM-M017F) AppleWebKit/537.36 (KHTML, like Gecko) Chrome/102.0.5005.78 Mobile Safari/537.36"
196.189.63.231 - - [13/Jun/2022:18:04:12 +0200] "GET /chrome/tracwysiwyg/wysiwyg.css HTTP/1.1" 200 1568 "-" "Mozilla/5.0 (Linux; Android 11; SM-M017F) AppleWebKit/537.36 (KHTML, like Gecko) Chrome/102.0.5005.78 Mobile Safari/537.36"
